info: Quickstart.IncrementCounterByAmountHandler[711195907]
      Handling http message of type 'IncrementCounterByAmount' with payload
      {
        "CounterName": "test",
        "IncrementBy": 2
      }
      (Message ID: 3e525a72131960dd, Trace ID: ad0871fcc6bb2aabef62f2b24ab5b27c)
info: Quickstart.CounterIncremented[441733974]
      Publishing in-process signal of type 'CounterIncremented' with payload {"CounterName":"test","NewValue":2,"IncrementBy":2} (Signal ID: e24899ea8053616a, Trace ID: ad0871fcc6bb2aabef62f2b24ab5b27c)
info: Quickstart.CounterIncremented[1977864143]
      Published in-process signal of type 'CounterIncremented' in 18.6353ms (Signal ID: e24899ea8053616a, Trace ID: ad0871fcc6bb2aabef62f2b24ab5b27c)
info: Quickstart.CounterIncremented[441733974]
      Publishing http-server-sent-events signal of type 'CounterIncremented' with payload {"CounterName":"test","NewValue":2,"IncrementBy":2} (Signal ID: 0ae709d709480a49, Trace ID: ad0871fcc6bb2aabef62f2b24ab5b27c)
info: Quickstart.CounterIncremented[1977864143]
      Published http-server-sent-events signal of type 'CounterIncremented' in 5.5543ms (Signal ID: 0ae709d709480a49, Trace ID: ad0871fcc6bb2aabef62f2b24ab5b27c)
info: Quickstart.IncrementCounterByAmountHandler[412531951]
      Handled http message of type 'IncrementCounterByAmount' and got response {"NewCounterValue":2} in 74.4882ms (Message ID: 3e525a72131960dd, Trace ID: ad0871fcc6bb2aabef62f2b24ab5b27c)
info: Quickstart.GetCountersHandler[711195907]
      Handling http message of type 'GetCounters' with payload {"Prefix":"tes"} (Message ID: a8b8870794d685ac, Trace ID: 47572a64d30dfdd48b1d4f9c28810343)
info: Quickstart.GetCountersHandler[412531951]
      Handled http message of type 'GetCounters' and got response
      [
        {
          "CounterName": "test",
          "Value": 2
        }
      ]
      in 9.4573ms (Message ID: a8b8870794d685ac, Trace ID: 47572a64d30dfdd48b1d4f9c28810343)
info: Quickstart.IncrementCounterByAmountHandler[711195907]
      Handling http message of type 'IncrementCounterByAmount' with payload
      {
        "CounterName": "doubler",
        "IncrementBy": 2
      }
      (Message ID: 36b3258481257142, Trace ID: e9623fa2087d6ad22d1ddc36ad0e7e11)
info: Quickstart.CounterIncremented[441733974]
      Publishing in-process signal of type 'CounterIncremented' with payload {"CounterName":"doubler","NewValue":2,"IncrementBy":2} (Signal ID: 60988c4de621536b, Trace ID: e9623fa2087d6ad22d1ddc36ad0e7e11)
info: Quickstart.DoublingCounterIncrementedHandler[441733974]
      Handling signal of type 'CounterIncremented' with payload
      {
        "CounterName": "doubler",
        "NewValue": 2,
        "IncrementBy": 2
      }
      (Signal ID: 60988c4de621536b, Trace ID: e9623fa2087d6ad22d1ddc36ad0e7e11)
info: Quickstart.IncrementCounterByAmount[711195907]
      Sending in-process message of type 'IncrementCounterByAmount' with payload {"CounterName":"doubler","IncrementBy":2} (Message ID: 9c1fc1a4a60859f4, Trace ID: e9623fa2087d6ad22d1ddc36ad0e7e11)
info: Quickstart.IncrementCounterByAmountHandler[711195907]
      Handling message of type 'IncrementCounterByAmount' with payload
      {
        "CounterName": "doubler",
        "IncrementBy": 2
      }
      (Message ID: 9c1fc1a4a60859f4, Trace ID: e9623fa2087d6ad22d1ddc36ad0e7e11)
info: Quickstart.CounterIncremented[441733974]
      Publishing in-process signal of type 'CounterIncremented' with payload {"CounterName":"doubler","NewValue":4,"IncrementBy":2} (Signal ID: a0b26fbbd938941e, Trace ID: e9623fa2087d6ad22d1ddc36ad0e7e11)
info: Quickstart.CounterIncremented[1977864143]
      Published in-process signal of type 'CounterIncremented' in 1.7726ms (Signal ID: a0b26fbbd938941e, Trace ID: e9623fa2087d6ad22d1ddc36ad0e7e11)
info: Quickstart.CounterIncremented[441733974]
      Publishing http-server-sent-events signal of type 'CounterIncremented' with payload {"CounterName":"doubler","NewValue":4,"IncrementBy":2} (Signal ID: 4163f38ccc92aaea, Trace ID: e9623fa2087d6ad22d1ddc36ad0e7e11)
info: Quickstart.CounterIncremented[1977864143]
      Published http-server-sent-events signal of type 'CounterIncremented' in 0.0852ms (Signal ID: 4163f38ccc92aaea, Trace ID: e9623fa2087d6ad22d1ddc36ad0e7e11)
info: Quickstart.IncrementCounterByAmountHandler[412531951]
      Handled message of type 'IncrementCounterByAmount' and got response {"NewCounterValue":4} in 6.5008ms (Message ID: 9c1fc1a4a60859f4, Trace ID: e9623fa2087d6ad22d1ddc36ad0e7e11)
info: Quickstart.IncrementCounterByAmount[412531951]
      Sent in-process message of type 'IncrementCounterByAmount' and got response {"NewCounterValue":4} in 12.6340ms (Message ID: 9c1fc1a4a60859f4, Trace ID: e9623fa2087d6ad22d1ddc36ad0e7e11)
info: Quickstart.DoublingCounterIncrementedHandler[1977864143]
      Handled signal of type 'CounterIncremented' in 28.2218ms (Signal ID: 60988c4de621536b, Trace ID: e9623fa2087d6ad22d1ddc36ad0e7e11)
info: Quickstart.CounterIncremented[1977864143]
      Published in-process signal of type 'CounterIncremented' in 31.8950ms (Signal ID: 60988c4de621536b, Trace ID: e9623fa2087d6ad22d1ddc36ad0e7e11)
info: Quickstart.CounterIncremented[441733974]
      Publishing http-server-sent-events signal of type 'CounterIncremented' with payload {"CounterName":"doubler","NewValue":2,"IncrementBy":2} (Signal ID: 3d9ddb98bc8fb654, Trace ID: e9623fa2087d6ad22d1ddc36ad0e7e11)
info: Quickstart.CounterIncremented[1977864143]
      Published http-server-sent-events signal of type 'CounterIncremented' in 0.3467ms (Signal ID: 3d9ddb98bc8fb654, Trace ID: e9623fa2087d6ad22d1ddc36ad0e7e11)
info: Quickstart.IncrementCounterByAmountHandler[412531951]
      Handled http message of type 'IncrementCounterByAmount' and got response {"NewCounterValue":4} in 33.4722ms (Message ID: 36b3258481257142, Trace ID: e9623fa2087d6ad22d1ddc36ad0e7e11)
info: Quickstart.GetCountersHandler[711195907]
      Handling http message of type 'GetCounters' with payload {"Prefix":null} (Message ID: b533e0b87c07e88d, Trace ID: c4729469ee9bf9597b55ab65105a1c99)
info: Quickstart.GetCountersHandler[412531951]
      Handled http message of type 'GetCounters' and got response
      [
        {
          "CounterName": "test",
          "Value": 2
        },
        {
          "CounterName": "doubler",
          "Value": 4
        }
      ]
      in 0.5002ms (Message ID: b533e0b87c07e88d, Trace ID: c4729469ee9bf9597b55ab65105a1c99)
info: Quickstart.IncrementCounterByAmountHandler[711195907]
      Handling http message of type 'IncrementCounterByAmount' with payload
      {
        "CounterName": "confidential",
        "IncrementBy": 1000
      }
      (Message ID: f5ce2cdef6add70f, Trace ID: 801d949d99273dac26376a77f172c418)
info: Quickstart.CounterIncremented[441733974]
      Publishing in-process signal of type 'CounterIncremented' with payload {"CounterName":"confidential","NewValue":1000,"IncrementBy":1000} (Signal ID: 53afdf09cd14a316, Trace ID: 801d949d99273dac26376a77f172c418)
info: Quickstart.CounterIncremented[1977864143]
      Published in-process signal of type 'CounterIncremented' in 0.1800ms (Signal ID: 53afdf09cd14a316, Trace ID: 801d949d99273dac26376a77f172c418)
info: Quickstart.CounterIncremented[441733974]
      Publishing http-server-sent-events signal of type 'CounterIncremented' with payload {"CounterName":"confidential","NewValue":1000,"IncrementBy":1000} (Signal ID: 45d34058c9921758, Trace ID: 801d949d99273dac26376a77f172c418)
info: Quickstart.CounterIncremented[1977864143]
      Published http-server-sent-events signal of type 'CounterIncremented' in 0.0776ms (Signal ID: 45d34058c9921758, Trace ID: 801d949d99273dac26376a77f172c418)
info: Quickstart.IncrementCounterByAmountHandler[412531951]
      Handled http message of type 'IncrementCounterByAmount' and got response {"NewCounterValue":1000} in 1.0167ms (Message ID: f5ce2cdef6add70f, Trace ID: 801d949d99273dac26376a77f172c418)
info: Quickstart.GetCountersHandler[711195907]
      Handling http message of type 'GetCounters' with payload {"Prefix":null} (Message ID: 6f859893a3442f1e, Trace ID: a06963c6f5ed5e77d3d0646df4afc748)
info: Quickstart.GetCountersHandler[0]
      response omitted because of confidential data
info: Quickstart.GetCountersHandler[412531951]
      Handled http message of type 'GetCounters' in 0.7302ms (Message ID: 6f859893a3442f1e, Trace ID: a06963c6f5ed5e77d3d0646df4afc748)
info: Quickstart.IncrementCounterByAmountHandler[711195907]
      Handling http message of type 'IncrementCounterByAmount' with payload
      {
        "CounterName": "sseTest",
        "IncrementBy": 2
      }
      (Message ID: 5227cf9ead99f26b, Trace ID: b107e7cb47d8951996339d99baf4cd28)
info: Quickstart.CounterIncremented[441733974]
      Publishing in-process signal of type 'CounterIncremented' with payload {"CounterName":"sseTest","NewValue":2,"IncrementBy":2} (Signal ID: 2aa6b849d45cef9f, Trace ID: b107e7cb47d8951996339d99baf4cd28)
info: Quickstart.CounterIncremented[1977864143]
      Published in-process signal of type 'CounterIncremented' in 0.1912ms (Signal ID: 2aa6b849d45cef9f, Trace ID: b107e7cb47d8951996339d99baf4cd28)
info: Quickstart.CounterIncremented[441733974]
      Publishing http-server-sent-events signal of type 'CounterIncremented' with payload {"CounterName":"sseTest","NewValue":2,"IncrementBy":2} (Signal ID: 2d98b4aca7ee02df, Trace ID: b107e7cb47d8951996339d99baf4cd28)
info: Quickstart.CounterIncremented[1977864143]
      Published http-server-sent-events signal of type 'CounterIncremented' in 8.6999ms (Signal ID: 2d98b4aca7ee02df, Trace ID: b107e7cb47d8951996339d99baf4cd28)
info: Quickstart.IncrementCounterByAmountHandler[412531951]
      Handled http message of type 'IncrementCounterByAmount' and got response {"NewCounterValue":2} in 9.7013ms (Message ID: 5227cf9ead99f26b, Trace ID: b107e7cb47d8951996339d99baf4cd28)
